// Jest Snapshot v1, https://goo.gl/fbAQLP

exports[`Large MD To HTML should parse the large markdown file content to html 1`] = `
"<h1>Markdown: Syntax</h1>
<br>
<p><s>strikethrough</s></p><br>
<p><strong>Note:</strong> This document is itself written using Markdown; you can <a href='/projects/markdown/syntax.text'>see the source for it by adding '.text' to the URL</a>.</p><br>
<hr>
<br>
<h2>Overview</h2>
<br>
<h3>Philosophy</h3>
<br>
<p>Markdown is intended to be as easy-to-read and easy-to-write as is feasible.</p><br>
<p>Readability, however, is emphasized above all else. A Markdown-formatted document should be publishable as-is, as plain text, without looking like it's been marked up with tags or formatting instructions. While Markdown's syntax has been influenced by several existing text-to-HTML filters -- including <a href='http://docutils.sourceforge.net/mirror/setext.html'>Setext</a>, <a href='http://www.aaronsw.com/2002/atx/'>atx</a>, <a href='http://textism.com/tools/textile/'>Textile</a>, <a href='http://docutils.sourceforge.net/rst.html'>reStructuredText</a>, <a href='http://www.triptico.com/software/grutatxt.html'>Grutatext</a>, and <a href='http://ettext.taint.org/doc/'>EtText</a> -- the single biggest source of inspiration for Markdown's syntax is the format of plain text email.</p><br>
<h2>Block Elements</h2>
<br>
<h3>Paragraphs and Line Breaks</h3>
<br>
<p>A paragraph is simply one or more consecutive lines of text, separated by one or more blank lines. (A blank line is any line that looks like a blank line -- a line containing nothing but spaces or tabs is considered blank.) Normal paragraphs should not be indented with spaces or tabs.</p><br>
<p>The implication of the \\"one or more consecutive lines of text\\" rule is that Markdown supports \\"hard-wrapped\\" text paragraphs. This differs significantly from most other text-to-HTML formatters (including Movable Type's \\"Convert Line Breaks\\" option) which translate every line break character in a paragraph into a <code>&lt;br /&gt;</code> tag.</p><br>
<p>When you <em>do</em> want to insert a <code>&lt;br /&gt;</code> break tag using Markdown, you end a line with two or more spaces, then type return.</p><br>
<h3>Headers</h3>
<br>
<p>Markdown supports two styles of headers, [Setext] [1] and [atx] [2].</p><br>
<p>Optionally, you may \\"close\\" atx-style headers. This is purely cosmetic -- you can use this if you think it looks better. The closing hashes don't even need to match the number of hashes used to open the header. (The number of opening hashes determines the header level.)</p><br>
<h3>Blockquotes</h3>
<br>
<p>Markdown uses email-style <code>&gt;</code> characters for blockquoting. If you're familiar with quoting passages of text in an email message, then you know how to create a blockquote in Markdown. It looks best if you hard wrap the text and put a <code>&gt;</code> before every line:</p><br>
<blockquote>
<p>This is a blockquote with two paragraphs. Lorem ipsum dolor sit amet, consectetuer adipiscing elit. Aliquam hendrerit mi posuere lectus. Vestibulum enim wisi, viverra nec, fringilla in, laoreet vitae, risus.</p><br>
<p>Donec sit amet nisl. Aliquam semper ipsum sit amet velit. Suspendisse id sem consectetuer libero luctus adipiscing.</p>
</blockquote>
<br>
<p>Markdown allows you to be lazy and only put the <code>&gt;</code> before the first line of a hard-wrapped paragraph:</p><br>
<blockquote>
<p>This is a blockquote with two paragraphs. Lorem ipsum dolor sit amet, consectetuer adipiscing elit. Aliquam hendrerit mi posuere lectus. Vestibulum enim wisi, viverra nec, fringilla in, laoreet vitae, risus.</p>
</blockquote>
<br>
<blockquote>
<p>Donec sit amet nisl. Aliquam semper ipsum sit amet velit. Suspendisse id sem consectetuer libero luctus adipiscing.</p>
</blockquote>
<br>
<p>Blockquotes can be nested (i.e. a blockquote-in-a-blockquote) by adding additional levels of <code>&gt;</code>:</p><br>
<blockquote>
<p>This is the first level of quoting.</p><br>
<blockquote>
<p>This is nested blockquote.</p>
</blockquote>
<br>
<p>Back to the first level.</p>
</blockquote>
<br>
<p>Blockquotes can contain other Markdown elements, including headers, lists, and code blocks:</p><br>
<blockquote>
<h2>This is a header.</h2>
<br>
<ol>
<li><p>This is the first list item.</p></li>
<li><p>This is the second list item.</p></li>
</ol>
<br>
<p>Here's some example code:</p><br>
<pre><code>return shell_exec(&quot;echo $input | $markdown_script&quot;);</code></pre>

</blockquote>
<br>
<p>Any decent text editor should make email-style quoting easy. For example, with BBEdit, you can make a selection and choose Increase Quote Level from the Text menu.</p><br>
<h3>Lists</h3>
<br>
<p>Markdown supports ordered (numbered) and unordered (bulleted) lists.</p><br>
<p>Unordered lists use asterisks, pluses, and hyphens -- interchangably -- as list markers:</p><br>
<ul>
<li><p>Red</p></li>
<li><p>Green</p></li>
<li><p>Blue</p></li>
</ul>
<br>
<p>is equivalent to:</p><br>
<ul>
<li><p>Red</p></li>
<li><p>Green</p></li>
<li><p>Blue</p></li>
</ul>
<br>
<p>and:</p><br>
<ul>
<li><p>Red</p></li>
<li><p>Green</p></li>
<li><p>Blue</p></li>
</ul>
<br>
<p>Ordered lists use numbers followed by periods:</p><br>
<ol>
<li><p>Bird</p></li>
<li><p>McHale</p></li>
<li><p>Parish</p></li>
</ol>
<br>
<p>It's important to note that the actual numbers you use to mark the list have no effect on the HTML output Markdown produces. The HTML Markdown produces from the above list is:</p><br>
<p>If you instead wrote the list in Markdown like this:</p><br>
<ol>
<li><p>Bird</p></li>
<li><p>McHale</p></li>
<li><p>Parish</p></li>
</ol>
<br>
<p>or even:</p><br>
<ol>
<li><p>Bird</p></li>
<li><p>McHale</p></li>
<li><p>Parish</p></li>
</ol>
<br>
<p>you'd get the exact same HTML output. The point is, if you want to, you can use ordinal numbers in your ordered Markdown lists, so that the numbers in your source match the numbers in your published HTML. But if you want to be lazy, you don't have to.</p><br>
<p>To make lists look nice, you can wrap items with hanging indents:</p><br>
<ul>
<li><p>Lorem ipsum dolor sit amet, consectetuer adipiscing elit. Aliquam hendrerit mi posuere lectus. Vestibulum enim wisi, viverra nec, fringilla in, laoreet vitae, risus.</p></li>
<li><p>Donec sit amet nisl. Aliquam semper ipsum sit amet velit. Suspendisse id sem consectetuer libero luctus adipiscing.</p></li>
</ul>
<br>
<p>But if you want to be lazy, you don't have to:</p><br>
<ul>
<li><p>Lorem ipsum dolor sit amet, consectetuer adipiscing elit. Aliquam hendrerit mi posuere lectus. Vestibulum enim wisi, viverra nec, fringilla in, laoreet vitae, risus.</p></li>
<li><p>Donec sit amet nisl. Aliquam semper ipsum sit amet velit. Suspendisse id sem consectetuer libero luctus adipiscing.</p></li>
</ul>
<br>
<p>List items may consist of multiple paragraphs. Each subsequent paragraph in a list item must be indented by either 4 spaces or one tab:</p><br>
<ol>
<li><p>This is a list item with two paragraphs. Lorem ipsum dolor sit amet, consectetuer adipiscing elit. Aliquam hendrerit mi posuere lectus.</p><br>
<p>Vestibulum enim wisi, viverra nec, fringilla in, laoreet vitae, risus. Donec sit amet nisl. Aliquam semper ipsum sit amet velit.</p></li>
<li><p>Suspendisse id sem consectetuer libero luctus adipiscing.</p></li>
</ol>
<br>
<p>It looks nice if you indent every line of the subsequent paragraphs, but here again, Markdown will allow you to be lazy:</p><br>
<ul>
<li><p>This is a list item with two paragraphs.</p><br>
<p>This is the second paragraph in the list item. You're only required to indent the first line. Lorem ipsum dolor sit amet, consectetuer adipiscing elit.</p></li>
<li><p>Another item in the same list.</p></li>
</ul>
<br>
<p>To put a blockquote within a list item, the blockquote's <code>&gt;</code> delimiters need to be indented:</p><br>
<ul>
<li><p>A list item with a blockquote:</p><br>
<blockquote>
<p>This is a blockquote inside a list item.</p>
</blockquote>
</li>
</ul>
<br>
<p>To put a code block within a list item, the code block needs to be indented <em>twice</em> -- 8 spaces or two tabs:</p><br>
<ul>
<li><p>A list item with a code block:</p><br>
<pre><code>&lt;code goes here&gt;</code></pre>
</li>
</ul>
<br>
<h3>Code Blocks</h3>
<br>
<p>Pre-formatted code blocks are used for writing about programming or markup source code. Rather than forming normal paragraphs, the lines of a code block are interpreted literally. Markdown wraps a code block in both <code>&lt;pre&gt;</code> and <code>&lt;code&gt;</code> tags.</p><br>
<p>To produce a code block in Markdown, simply indent every line of the block by at least 4 spaces or 1 tab.</p><br>
<p>This is a normal paragraph:</p><br>
<pre><code>This is a code block.</code></pre>
<br>
<p>Here is an example of AppleScript:</p><br>
<pre><code>tell application &quot;Foo&quot;
    beep
end tell</code></pre>
<br>
<p>A code block continues until it reaches a line that is not indented (or the end of the article).</p><br>
<p>Within a code block, ampersands (<code>&</code>) and angle brackets (<code>&lt;</code> and <code>&gt;</code>) are automatically converted into HTML entities. This makes it very easy to include example HTML source code using Markdown -- just paste it and indent it, and Markdown will handle the hassle of encoding the ampersands and angle brackets. For example, this:</p><br>
<pre><code>&lt;div class=&quot;footer&quot;&gt;
    &copy; 2004 Foo Corporation
&lt;/div&gt;</code></pre>
<br>
<p>Regular Markdown syntax is not processed within code blocks. E.g., asterisks are just literal asterisks within a code block. This means it's also easy to use Markdown to write about Markdown's own syntax.</p><br>
<pre><code>tell application &quot;Foo&quot;
    beep
end tell</code></pre>
<br>
<h2>Span Elements</h2>
<br>
<h3>Links</h3>
<br>
<p>Markdown supports two style of links: <em>inline</em> and <em>reference</em>.</p><br>
<p>In both styles, the link text is delimited by [square brackets].</p><br>
<p>To create an inline link, use a set of regular parentheses immediately after the link text's closing square bracket. Inside the parentheses, put the URL where you want the link to point, along with an <em>optional</em> title for the link, surrounded in quotes. For example:</p><br>
<p>This is <a href='http://example.com/'>an example</a> inline link.</p><br>
<p><a href='http://example.net/'>This link</a> has no title attribute.</p><br>
<h3>Emphasis</h3>
<br>
<p>Markdown treats asterisks (<code>&lt;em&gt;</code>) and underscores (<code>_</code>) as indicators of emphasis. Text wrapped with one <code>&lt;/em&gt;</code> or <code>_</code> will be wrapped with an HTML <code>&lt;em&gt;</code> tag; double <code>*</code>'s or <code>_</code>'s will be wrapped with an HTML <code>&lt;strong&gt;</code> tag. E.g., this input:</p><br>
<p><em>single asterisks</em></p><br>
<p>_single underscores_</p><br>
<p><strong>double asterisks</strong></p><br>
<p><u>double underscores</u></p><br>
<h3>Code</h3>
<br>
<p>To indicate a span of code, wrap it with backtick quotes (<code>\` </code> \`\`). Unlike a pre-formatted code block, a code span indicates code within a normal paragraph. For example:</p><br>
<p>Use the <code>printf()</code> function.</p><br>
<h1>Markdown: Syntax</h1>
<br>
<p><strong>Note:</strong> This document is itself written using Markdown; you can <a href='/projects/markdown/syntax.text'>see the source for it by adding '.text' to the URL</a>.</p><br>
<hr>
<br>
<h2>Overview</h2>
<br>
<h3>Philosophy</h3>
<br>
<p>Markdown is intended to be as easy-to-read and easy-to-write as is feasible.</p><br>
<p>Readability, however, is emphasized above all else. A Markdown-formatted document should be publishable as-is, as plain text, without looking like it's been marked up with tags or formatting instructions. While Markdown's syntax has been influenced by several existing text-to-HTML filters -- including <a href='http://docutils.sourceforge.net/mirror/setext.html'>Setext</a>, <a href='http://www.aaronsw.com/2002/atx/'>atx</a>, <a href='http://textism.com/tools/textile/'>Textile</a>, <a href='http://docutils.sourceforge.net/rst.html'>reStructuredText</a>, <a href='http://www.triptico.com/software/grutatxt.html'>Grutatext</a>, and <a href='http://ettext.taint.org/doc/'>EtText</a> -- the single biggest source of inspiration for Markdown's syntax is the format of plain text email.</p><br>
<h2>Block Elements</h2>
<br>
<h3>Paragraphs and Line Breaks</h3>
<br>
<p>A paragraph is simply one or more consecutive lines of text, separated by one or more blank lines. (A blank line is any line that looks like a blank line -- a line containing nothing but spaces or tabs is considered blank.) Normal paragraphs should not be indented with spaces or tabs.</p><br>
<p>The implication of the \\"one or more consecutive lines of text\\" rule is that Markdown supports \\"hard-wrapped\\" text paragraphs. This differs significantly from most other text-to-HTML formatters (including Movable Type's \\"Convert Line Breaks\\" option) which translate every line break character in a paragraph into a <code>&lt;br /&gt;</code> tag.</p><br>
<p>When you <em>do</em> want to insert a <code>&lt;br /&gt;</code> break tag using Markdown, you end a line with two or more spaces, then type return.</p><br>
<h3>Headers</h3>
<br>
<p>Markdown supports two styles of headers, [Setext] [1] and [atx] [2].</p><br>
<p>Optionally, you may \\"close\\" atx-style headers. This is purely cosmetic -- you can use this if you think it looks better. The closing hashes don't even need to match the number of hashes used to open the header. (The number of opening hashes determines the header level.)</p><br>
<h3>Blockquotes</h3>
<br>
<p>Markdown uses email-style <code>&gt;</code> characters for blockquoting. If you're familiar with quoting passages of text in an email message, then you know how to create a blockquote in Markdown. It looks best if you hard wrap the text and put a <code>&gt;</code> before every line:</p><br>
<blockquote>
<p>This is a blockquote with two paragraphs. Lorem ipsum dolor sit amet, consectetuer adipiscing elit. Aliquam hendrerit mi posuere lectus. Vestibulum enim wisi, viverra nec, fringilla in, laoreet vitae, risus.</p><br>
<p>Donec sit amet nisl. Aliquam semper ipsum sit amet velit. Suspendisse id sem consectetuer libero luctus adipiscing.</p>
</blockquote>
<br>
<p>Markdown allows you to be lazy and only put the <code>&gt;</code> before the first line of a hard-wrapped paragraph:</p><br>
<blockquote>
<p>This is a blockquote with two paragraphs. Lorem ipsum dolor sit amet, consectetuer adipiscing elit. Aliquam hendrerit mi posuere lectus. Vestibulum enim wisi, viverra nec, fringilla in, laoreet vitae, risus.</p>
</blockquote>
<br>
<blockquote>
<p>Donec sit amet nisl. Aliquam semper ipsum sit amet velit. Suspendisse id sem consectetuer libero luctus adipiscing.</p>
</blockquote>
<br>
<p>Blockquotes can be nested (i.e. a blockquote-in-a-blockquote) by adding additional levels of <code>&gt;</code>:</p><br>
<blockquote>
<p>This is the first level of quoting.</p><br>
<blockquote>
<p>This is nested blockquote.</p>
</blockquote>
<br>
<p>Back to the first level.</p>
</blockquote>
<br>
<p>Blockquotes can contain other Markdown elements, including headers, lists, and code blocks:</p><br>
<blockquote>
<h2>This is a header.</h2>
<br>
<ol>
<li><p>This is the first list item.</p></li>
<li><p>This is the second list item.</p></li>
</ol>
<br>
<p>Here's some example code:</p><br>
<pre><code>return shell_exec(&quot;echo $input | $markdown_script&quot;);</code></pre>

</blockquote>
<br>
<p>Any decent text editor should make email-style quoting easy. For example, with BBEdit, you can make a selection and choose Increase Quote Level from the Text menu.</p><br>
<h3>Lists</h3>
<br>
<p>Markdown supports ordered (numbered) and unordered (bulleted) lists.</p><br>
<p>Unordered lists use asterisks, pluses, and hyphens -- interchangably -- as list markers:</p><br>
<ul>
<li><p>Red</p></li>
<li><p>Green</p></li>
<li><p>Blue</p></li>
</ul>
<br>
<p>is equivalent to:</p><br>
<ul>
<li><p>Red</p></li>
<li><p>Green</p></li>
<li><p>Blue</p></li>
</ul>
<br>
<p>and:</p><br>
<ul>
<li><p>Red</p></li>
<li><p>Green</p></li>
<li><p>Blue</p></li>
</ul>
<br>
<p>Ordered lists use numbers followed by periods:</p><br>
<ol>
<li><p>Bird</p></li>
<li><p>McHale</p></li>
<li><p>Parish</p></li>
</ol>
<br>
<p>It's important to note that the actual numbers you use to mark the list have no effect on the HTML output Markdown produces. The HTML Markdown produces from the above list is:</p><br>
<p>If you instead wrote the list in Markdown like this:</p><br>
<ol>
<li><p>Bird</p></li>
<li><p>McHale</p></li>
<li><p>Parish</p></li>
</ol>
<br>
<p>or even:</p><br>
<ol>
<li><p>Bird</p></li>
<li><p>McHale</p></li>
<li><p>Parish</p></li>
</ol>
<br>
<p>you'd get the exact same HTML output. The point is, if you want to, you can use ordinal numbers in your ordered Markdown lists, so that the numbers in your source match the numbers in your published HTML. But if you want to be lazy, you don't have to.</p><br>
<p>To make lists look nice, you can wrap items with hanging indents:</p><br>
<ul>
<li><p>Lorem ipsum dolor sit amet, consectetuer adipiscing elit. Aliquam hendrerit mi posuere lectus. Vestibulum enim wisi, viverra nec, fringilla in, laoreet vitae, risus.</p></li>
<li><p>Donec sit amet nisl. Aliquam semper ipsum sit amet velit. Suspendisse id sem consectetuer libero luctus adipiscing.</p></li>
</ul>
<br>
<p>But if you want to be lazy, you don't have to:</p><br>
<ul>
<li><p>Lorem ipsum dolor sit amet, consectetuer adipiscing elit. Aliquam hendrerit mi posuere lectus. Vestibulum enim wisi, viverra nec, fringilla in, laoreet vitae, risus.</p></li>
<li><p>Donec sit amet nisl. Aliquam semper ipsum sit amet velit. Suspendisse id sem consectetuer libero luctus adipiscing.</p></li>
</ul>
<br>
<p>List items may consist of multiple paragraphs. Each subsequent paragraph in a list item must be indented by either 4 spaces or one tab:</p><br>
<ol>
<li><p>This is a list item with two paragraphs. Lorem ipsum dolor sit amet, consectetuer adipiscing elit. Aliquam hendrerit mi posuere lectus.</p><br>
<p>Vestibulum enim wisi, viverra nec, fringilla in, laoreet vitae, risus. Donec sit amet nisl. Aliquam semper ipsum sit amet velit.</p></li>
<li><p>Suspendisse id sem consectetuer libero luctus adipiscing.</p></li>
</ol>
<br>
<p>It looks nice if you indent every line of the subsequent paragraphs, but here again, Markdown will allow you to be lazy:</p><br>
<ul>
<li><p>This is a list item with two paragraphs.</p><br>
<p>This is the second paragraph in the list item. You're only required to indent the first line. Lorem ipsum dolor sit amet, consectetuer adipiscing elit.</p></li>
<li><p>Another item in the same list.</p></li>
</ul>
<br>
<p>To put a blockquote within a list item, the blockquote's <code>&gt;</code> delimiters need to be indented:</p><br>
<ul>
<li><p>A list item with a blockquote:</p><br>
<blockquote>
<p>This is a blockquote inside a list item.</p>
</blockquote>
</li>
</ul>
<br>
<p>To put a code block within a list item, the code block needs to be indented <em>twice</em> -- 8 spaces or two tabs:</p><br>
<ul>
<li><p>A list item with a code block:</p><br>
<pre><code>&lt;code goes here&gt;</code></pre>
</li>
</ul>
<br>
<h3>Code Blocks</h3>
<br>
<p>Pre-formatted code blocks are used for writing about programming or markup source code. Rather than forming normal paragraphs, the lines of a code block are interpreted literally. Markdown wraps a code block in both <code>&lt;pre&gt;</code> and <code>&lt;code&gt;</code> tags.</p><br>
<p>To produce a code block in Markdown, simply indent every line of the block by at least 4 spaces or 1 tab.</p><br>
<p>This is a normal paragraph:</p><br>
<pre><code>This is a code block.</code></pre>
<br>
<p>Here is an example of AppleScript:</p><br>
<pre><code>tell application &quot;Foo&quot;
    beep
end tell</code></pre>
<br>
<p>A code block continues until it reaches a line that is not indented (or the end of the article).</p><br>
<p>Within a code block, ampersands (<code>&</code>) and angle brackets (<code>&lt;</code> and <code>&gt;</code>) are automatically converted into HTML entities. This makes it very easy to include example HTML source code using Markdown -- just paste it and indent it, and Markdown will handle the hassle of encoding the ampersands and angle brackets. For example, this:</p><br>
<pre><code>&lt;div class=&quot;footer&quot;&gt;
    &copy; 2004 Foo Corporation
&lt;/div&gt;</code></pre>
<br>
<p>Regular Markdown syntax is not processed within code blocks. E.g., asterisks are just literal asterisks within a code block. This means it's also easy to use Markdown to write about Markdown's own syntax.</p><br>
<pre><code>tell application &quot;Foo&quot;
    beep
end tell</code></pre>
<br>
<h2>Span Elements</h2>
<br>
<h3>Links</h3>
<br>
<p>Markdown supports two style of links: <em>inline</em> and <em>reference</em>.</p><br>
<p>In both styles, the link text is delimited by [square brackets].</p><br>
<p>To create an inline link, use a set of regular parentheses immediately after the link text's closing square bracket. Inside the parentheses, put the URL where you want the link to point, along with an <em>optional</em> title for the link, surrounded in quotes. For example:</p><br>
<p>This is <a href='http://example.com/'>an example</a> inline link.</p><br>
<p><a href='http://example.net/'>This link</a> has no title attribute.</p><br>
<h3>Emphasis</h3>
<br>
<p>Markdown treats asterisks (<code>&lt;em&gt;</code>) and underscores (<code>_</code>) as indicators of emphasis. Text wrapped with one <code>&lt;/em&gt;</code> or <code>_</code> will be wrapped with an HTML <code>&lt;em&gt;</code> tag; double <code>*</code>'s or <code>_</code>'s will be wrapped with an HTML <code>&lt;strong&gt;</code> tag. E.g., this input:</p><br>
<p><em>single asterisks</em></p><br>
<p>_single underscores_</p><br>
<p><strong>double asterisks</strong></p><br>
<p><u>double underscores</u></p><br>
<h3>Code</h3>
<br>
<p>To indicate a span of code, wrap it with backtick quotes (<code>\` </code> \`\`). Unlike a pre-formatted code block, a code span indicates code within a normal paragraph. For example:</p><br>
<p>Use the <code>printf()</code> function.</p><br>
<h1>Markdown: Syntax</h1>
<br>
<p><strong>Note:</strong> This document is itself written using Markdown; you can <a href='/projects/markdown/syntax.text'>see the source for it by adding '.text' to the URL</a>.</p><br>
<hr>
<br>
<h2>Overview</h2>
<br>
<h3>Philosophy</h3>
<br>
<p>Markdown is intended to be as easy-to-read and easy-to-write as is feasible.</p><br>
<p>Readability, however, is emphasized above all else. A Markdown-formatted document should be publishable as-is, as plain text, without looking like it's been marked up with tags or formatting instructions. While Markdown's syntax has been influenced by several existing text-to-HTML filters -- including <a href='http://docutils.sourceforge.net/mirror/setext.html'>Setext</a>, <a href='http://www.aaronsw.com/2002/atx/'>atx</a>, <a href='http://textism.com/tools/textile/'>Textile</a>, <a href='http://docutils.sourceforge.net/rst.html'>reStructuredText</a>, <a href='http://www.triptico.com/software/grutatxt.html'>Grutatext</a>, and <a href='http://ettext.taint.org/doc/'>EtText</a> -- the single biggest source of inspiration for Markdown's syntax is the format of plain text email.</p><br>
<h2>Block Elements</h2>
<br>
<h3>Paragraphs and Line Breaks</h3>
<br>
<p>A paragraph is simply one or more consecutive lines of text, separated by one or more blank lines. (A blank line is any line that looks like a blank line -- a line containing nothing but spaces or tabs is considered blank.) Normal paragraphs should not be indented with spaces or tabs.</p><br>
<p>The implication of the \\"one or more consecutive lines of text\\" rule is that Markdown supports \\"hard-wrapped\\" text paragraphs. This differs significantly from most other text-to-HTML formatters (including Movable Type's \\"Convert Line Breaks\\" option) which translate every line break character in a paragraph into a <code>&lt;br /&gt;</code> tag.</p><br>
<p>When you <em>do</em> want to insert a <code>&lt;br /&gt;</code> break tag using Markdown, you end a line with two or more spaces, then type return.</p><br>
<h3>Headers</h3>
<br>
<p>Markdown supports two styles of headers, [Setext] [1] and [atx] [2].</p><br>
<p>Optionally, you may \\"close\\" atx-style headers. This is purely cosmetic -- you can use this if you think it looks better. The closing hashes don't even need to match the number of hashes used to open the header. (The number of opening hashes determines the header level.)</p><br>
<h3>Blockquotes</h3>
<br>
<p>Markdown uses email-style <code>&gt;</code> characters for blockquoting. If you're familiar with quoting passages of text in an email message, then you know how to create a blockquote in Markdown. It looks best if you hard wrap the text and put a <code>&gt;</code> before every line:</p><br>
<blockquote>
<p>This is a blockquote with two paragraphs. Lorem ipsum dolor sit amet, consectetuer adipiscing elit. Aliquam hendrerit mi posuere lectus. Vestibulum enim wisi, viverra nec, fringilla in, laoreet vitae, risus.</p><br>
<p>Donec sit amet nisl. Aliquam semper ipsum sit amet velit. Suspendisse id sem consectetuer libero luctus adipiscing.</p>
</blockquote>
<br>
<p>Markdown allows you to be lazy and only put the <code>&gt;</code> before the first line of a hard-wrapped paragraph:</p><br>
<blockquote>
<p>This is a blockquote with two paragraphs. Lorem ipsum dolor sit amet, consectetuer adipiscing elit. Aliquam hendrerit mi posuere lectus. Vestibulum enim wisi, viverra nec, fringilla in, laoreet vitae, risus.</p>
</blockquote>
<br>
<blockquote>
<p>Donec sit amet nisl. Aliquam semper ipsum sit amet velit. Suspendisse id sem consectetuer libero luctus adipiscing.</p>
</blockquote>
<br>
<p>Blockquotes can be nested (i.e. a blockquote-in-a-blockquote) by adding additional levels of <code>&gt;</code>:</p><br>
<blockquote>
<p>This is the first level of quoting.</p><br>
<blockquote>
<p>This is nested blockquote.</p>
</blockquote>
<br>
<p>Back to the first level.</p>
</blockquote>
<br>
<p>Blockquotes can contain other Markdown elements, including headers, lists, and code blocks:</p><br>
<blockquote>
<h2>This is a header.</h2>
<br>
<ol>
<li><p>This is the first list item.</p></li>
<li><p>This is the second list item.</p></li>
</ol>
<br>
<p>Here's some example code:</p><br>
<pre><code>return shell_exec(&quot;echo $input | $markdown_script&quot;);</code></pre>

</blockquote>
<br>
<p>Any decent text editor should make email-style quoting easy. For example, with BBEdit, you can make a selection and choose Increase Quote Level from the Text menu.</p><br>
<h3>Lists</h3>
<br>
<p>Markdown supports ordered (numbered) and unordered (bulleted) lists.</p><br>
<p>Unordered lists use asterisks, pluses, and hyphens -- interchangably -- as list markers:</p><br>
<ul>
<li><p>Red</p></li>
<li><p>Green</p></li>
<li><p>Blue</p></li>
</ul>
<br>
<p>is equivalent to:</p><br>
<ul>
<li><p>Red</p></li>
<li><p>Green</p></li>
<li><p>Blue</p></li>
</ul>
<br>
<p>and:</p><br>
<ul>
<li><p>Red</p></li>
<li><p>Green</p></li>
<li><p>Blue</p></li>
</ul>
<br>
<p>Ordered lists use numbers followed by periods:</p><br>
<ol>
<li><p>Bird</p></li>
<li><p>McHale</p></li>
<li><p>Parish</p></li>
</ol>
<br>
<p>It's important to note that the actual numbers you use to mark the list have no effect on the HTML output Markdown produces. The HTML Markdown produces from the above list is:</p><br>
<p>If you instead wrote the list in Markdown like this:</p><br>
<ol>
<li><p>Bird</p></li>
<li><p>McHale</p></li>
<li><p>Parish</p></li>
</ol>
<br>
<p>or even:</p><br>
<ol>
<li><p>Bird</p></li>
<li><p>McHale</p></li>
<li><p>Parish</p></li>
</ol>
<br>
<p>you'd get the exact same HTML output. The point is, if you want to, you can use ordinal numbers in your ordered Markdown lists, so that the numbers in your source match the numbers in your published HTML. But if you want to be lazy, you don't have to.</p><br>
<p>To make lists look nice, you can wrap items with hanging indents:</p><br>
<ul>
<li><p>Lorem ipsum dolor sit amet, consectetuer adipiscing elit. Aliquam hendrerit mi posuere lectus. Vestibulum enim wisi, viverra nec, fringilla in, laoreet vitae, risus.</p></li>
<li><p>Donec sit amet nisl. Aliquam semper ipsum sit amet velit. Suspendisse id sem consectetuer libero luctus adipiscing.</p></li>
</ul>
<br>
<p>But if you want to be lazy, you don't have to:</p><br>
<ul>
<li><p>Lorem ipsum dolor sit amet, consectetuer adipiscing elit. Aliquam hendrerit mi posuere lectus. Vestibulum enim wisi, viverra nec, fringilla in, laoreet vitae, risus.</p></li>
<li><p>Donec sit amet nisl. Aliquam semper ipsum sit amet velit. Suspendisse id sem consectetuer libero luctus adipiscing.</p></li>
</ul>
<br>
<p>List items may consist of multiple paragraphs. Each subsequent paragraph in a list item must be indented by either 4 spaces or one tab:</p><br>
<ol>
<li><p>This is a list item with two paragraphs. Lorem ipsum dolor sit amet, consectetuer adipiscing elit. Aliquam hendrerit mi posuere lectus.</p><br>
<p>Vestibulum enim wisi, viverra nec, fringilla in, laoreet vitae, risus. Donec sit amet nisl. Aliquam semper ipsum sit amet velit.</p></li>
<li><p>Suspendisse id sem consectetuer libero luctus adipiscing.</p></li>
</ol>
<br>
<p>It looks nice if you indent every line of the subsequent paragraphs, but here again, Markdown will allow you to be lazy:</p><br>
<ul>
<li><p>This is a list item with two paragraphs.</p><br>
<p>This is the second paragraph in the list item. You're only required to indent the first line. Lorem ipsum dolor sit amet, consectetuer adipiscing elit.</p></li>
<li><p>Another item in the same list.</p></li>
</ul>
<br>
<p>To put a blockquote within a list item, the blockquote's <code>&gt;</code> delimiters need to be indented:</p><br>
<ul>
<li><p>A list item with a blockquote:</p><br>
<blockquote>
<p>This is a blockquote inside a list item.</p>
</blockquote>
</li>
</ul>
<br>
<p>To put a code block within a list item, the code block needs to be indented <em>twice</em> -- 8 spaces or two tabs:</p><br>
<ul>
<li><p>A list item with a code block:</p><br>
<pre><code>&lt;code goes here&gt;</code></pre>
</li>
</ul>
<br>
<h3>Code Blocks</h3>
<br>
<p>Pre-formatted code blocks are used for writing about programming or markup source code. Rather than forming normal paragraphs, the lines of a code block are interpreted literally. Markdown wraps a code block in both <code>&lt;pre&gt;</code> and <code>&lt;code&gt;</code> tags.</p><br>
<p>To produce a code block in Markdown, simply indent every line of the block by at least 4 spaces or 1 tab.</p><br>
<p>This is a normal paragraph:</p><br>
<pre><code>This is a code block.</code></pre>
<br>
<p>Here is an example of AppleScript:</p><br>
<pre><code>tell application &quot;Foo&quot;
    beep
end tell</code></pre>
<br>
<p>A code block continues until it reaches a line that is not indented (or the end of the article).</p><br>
<p>Within a code block, ampersands (<code>&</code>) and angle brackets (<code>&lt;</code> and <code>&gt;</code>) are automatically converted into HTML entities. This makes it very easy to include example HTML source code using Markdown -- just paste it and indent it, and Markdown will handle the hassle of encoding the ampersands and angle brackets. For example, this:</p><br>
<pre><code>&lt;div class=&quot;footer&quot;&gt;
    &copy; 2004 Foo Corporation
&lt;/div&gt;</code></pre>
<br>
<p>Regular Markdown syntax is not processed within code blocks. E.g., asterisks are just literal asterisks within a code block. This means it's also easy to use Markdown to write about Markdown's own syntax.</p><br>
<pre><code>tell application &quot;Foo&quot;
    beep
end tell</code></pre>
<br>
<h2>Span Elements</h2>
<br>
<h3>Links</h3>
<br>
<p>Markdown supports two style of links: <em>inline</em> and <em>reference</em>.</p><br>
<p>In both styles, the link text is delimited by [square brackets].</p><br>
<p>To create an inline link, use a set of regular parentheses immediately after the link text's closing square bracket. Inside the parentheses, put the URL where you want the link to point, along with an <em>optional</em> title for the link, surrounded in quotes. For example:</p><br>
<p>This is <a href='http://example.com/'>an example</a> inline link.</p><br>
<p><a href='http://example.net/'>This link</a> has no title attribute.</p><br>
<h3>Emphasis</h3>
<br>
<p>Markdown treats asterisks (<code>&lt;em&gt;</code>) and underscores (<code>_</code>) as indicators of emphasis. Text wrapped with one <code>&lt;/em&gt;</code> or <code>_</code> will be wrapped with an HTML <code>&lt;em&gt;</code> tag; double <code>*</code>'s or <code>_</code>'s will be wrapped with an HTML <code>&lt;strong&gt;</code> tag. E.g., this input:</p><br>
<p><em>single asterisks</em></p><br>
<p>_single underscores_</p><br>
<p><strong>double asterisks</strong></p><br>
<p><u>double underscores</u></p><br>
<h3>Code</h3>
<br>
<p>To indicate a span of code, wrap it with backtick quotes (<code>\` </code> \`\`). Unlike a pre-formatted code block, a code span indicates code within a normal paragraph. For example:</p><br>
<p>Use the <code>printf()</code> function.</p><br>
<h1>Markdown: Syntax</h1>
<br>
<p><strong>Note:</strong> This document is itself written using Markdown; you can <a href='/projects/markdown/syntax.text'>see the source for it by adding '.text' to the URL</a>.</p><br>
<hr>
<br>
<h2>Overview</h2>
<br>
<h3>Philosophy</h3>
<br>
<p>Markdown is intended to be as easy-to-read and easy-to-write as is feasible.</p><br>
<p>Readability, however, is emphasized above all else. A Markdown-formatted document should be publishable as-is, as plain text, without looking like it's been marked up with tags or formatting instructions. While Markdown's syntax has been influenced by several existing text-to-HTML filters -- including <a href='http://docutils.sourceforge.net/mirror/setext.html'>Setext</a>, <a href='http://www.aaronsw.com/2002/atx/'>atx</a>, <a href='http://textism.com/tools/textile/'>Textile</a>, <a href='http://docutils.sourceforge.net/rst.html'>reStructuredText</a>, <a href='http://www.triptico.com/software/grutatxt.html'>Grutatext</a>, and <a href='http://ettext.taint.org/doc/'>EtText</a> -- the single biggest source of inspiration for Markdown's syntax is the format of plain text email.</p><br>
<h2>Block Elements</h2>
<br>
<h3>Paragraphs and Line Breaks</h3>
<br>
<p>A paragraph is simply one or more consecutive lines of text, separated by one or more blank lines. (A blank line is any line that looks like a blank line -- a line containing nothing but spaces or tabs is considered blank.) Normal paragraphs should not be indented with spaces or tabs.</p><br>
<p>The implication of the \\"one or more consecutive lines of text\\" rule is that Markdown supports \\"hard-wrapped\\" text paragraphs. This differs significantly from most other text-to-HTML formatters (including Movable Type's \\"Convert Line Breaks\\" option) which translate every line break character in a paragraph into a <code>&lt;br /&gt;</code> tag.</p><br>
<p>When you <em>do</em> want to insert a <code>&lt;br /&gt;</code> break tag using Markdown, you end a line with two or more spaces, then type return.</p><br>
<h3>Headers</h3>
<br>
<p>Markdown supports two styles of headers, [Setext] [1] and [atx] [2].</p><br>
<p>Optionally, you may \\"close\\" atx-style headers. This is purely cosmetic -- you can use this if you think it looks better. The closing hashes don't even need to match the number of hashes used to open the header. (The number of opening hashes determines the header level.)</p><br>
<h3>Blockquotes</h3>
<br>
<p>Markdown uses email-style <code>&gt;</code> characters for blockquoting. If you're familiar with quoting passages of text in an email message, then you know how to create a blockquote in Markdown. It looks best if you hard wrap the text and put a <code>&gt;</code> before every line:</p><br>
<blockquote>
<p>This is a blockquote with two paragraphs. Lorem ipsum dolor sit amet, consectetuer adipiscing elit. Aliquam hendrerit mi posuere lectus. Vestibulum enim wisi, viverra nec, fringilla in, laoreet vitae, risus.</p><br>
<p>Donec sit amet nisl. Aliquam semper ipsum sit amet velit. Suspendisse id sem consectetuer libero luctus adipiscing.</p>
</blockquote>
<br>
<p>Markdown allows you to be lazy and only put the <code>&gt;</code> before the first line of a hard-wrapped paragraph:</p><br>
<blockquote>
<p>This is a blockquote with two paragraphs. Lorem ipsum dolor sit amet, consectetuer adipiscing elit. Aliquam hendrerit mi posuere lectus. Vestibulum enim wisi, viverra nec, fringilla in, laoreet vitae, risus.</p>
</blockquote>
<br>
<blockquote>
<p>Donec sit amet nisl. Aliquam semper ipsum sit amet velit. Suspendisse id sem consectetuer libero luctus adipiscing.</p>
</blockquote>
<br>
<p>Blockquotes can be nested (i.e. a blockquote-in-a-blockquote) by adding additional levels of <code>&gt;</code>:</p><br>
<blockquote>
<p>This is the first level of quoting.</p><br>
<blockquote>
<p>This is nested blockquote.</p>
</blockquote>
<br>
<p>Back to the first level.</p>
</blockquote>
<br>
<p>Blockquotes can contain other Markdown elements, including headers, lists, and code blocks:</p><br>
<blockquote>
<h2>This is a header.</h2>
<br>
<ol>
<li><p>This is the first list item.</p></li>
<li><p>This is the second list item.</p></li>
</ol>
<br>
<p>Here's some example code:</p><br>
<pre><code>return shell_exec(&quot;echo $input | $markdown_script&quot;);</code></pre>

</blockquote>
<br>
<p>Any decent text editor should make email-style quoting easy. For example, with BBEdit, you can make a selection and choose Increase Quote Level from the Text menu.</p><br>
<h3>Lists</h3>
<br>
<p>Markdown supports ordered (numbered) and unordered (bulleted) lists.</p><br>
<p>Unordered lists use asterisks, pluses, and hyphens -- interchangably -- as list markers:</p><br>
<ul>
<li><p>Red</p></li>
<li><p>Green</p></li>
<li><p>Blue</p></li>
</ul>
<br>
<p>is equivalent to:</p><br>
<ul>
<li><p>Red</p></li>
<li><p>Green</p></li>
<li><p>Blue</p></li>
</ul>
<br>
<p>and:</p><br>
<ul>
<li><p>Red</p></li>
<li><p>Green</p></li>
<li><p>Blue</p></li>
</ul>
<br>
<p>Ordered lists use numbers followed by periods:</p><br>
<ol>
<li><p>Bird</p></li>
<li><p>McHale</p></li>
<li><p>Parish</p></li>
</ol>
<br>
<p>It's important to note that the actual numbers you use to mark the list have no effect on the HTML output Markdown produces. The HTML Markdown produces from the above list is:</p><br>
<p>If you instead wrote the list in Markdown like this:</p><br>
<ol>
<li><p>Bird</p></li>
<li><p>McHale</p></li>
<li><p>Parish</p></li>
</ol>
<br>
<p>or even:</p><br>
<ol>
<li><p>Bird</p></li>
<li><p>McHale</p></li>
<li><p>Parish</p></li>
</ol>
<br>
<p>you'd get the exact same HTML output. The point is, if you want to, you can use ordinal numbers in your ordered Markdown lists, so that the numbers in your source match the numbers in your published HTML. But if you want to be lazy, you don't have to.</p><br>
<p>To make lists look nice, you can wrap items with hanging indents:</p><br>
<ul>
<li><p>Lorem ipsum dolor sit amet, consectetuer adipiscing elit. Aliquam hendrerit mi posuere lectus. Vestibulum enim wisi, viverra nec, fringilla in, laoreet vitae, risus.</p></li>
<li><p>Donec sit amet nisl. Aliquam semper ipsum sit amet velit. Suspendisse id sem consectetuer libero luctus adipiscing.</p></li>
</ul>
<br>
<p>But if you want to be lazy, you don't have to:</p><br>
<ul>
<li><p>Lorem ipsum dolor sit amet, consectetuer adipiscing elit. Aliquam hendrerit mi posuere lectus. Vestibulum enim wisi, viverra nec, fringilla in, laoreet vitae, risus.</p></li>
<li><p>Donec sit amet nisl. Aliquam semper ipsum sit amet velit. Suspendisse id sem consectetuer libero luctus adipiscing.</p></li>
</ul>
<br>
<p>List items may consist of multiple paragraphs. Each subsequent paragraph in a list item must be indented by either 4 spaces or one tab:</p><br>
<ol>
<li><p>This is a list item with two paragraphs. Lorem ipsum dolor sit amet, consectetuer adipiscing elit. Aliquam hendrerit mi posuere lectus.</p><br>
<p>Vestibulum enim wisi, viverra nec, fringilla in, laoreet vitae, risus. Donec sit amet nisl. Aliquam semper ipsum sit amet velit.</p></li>
<li><p>Suspendisse id sem consectetuer libero luctus adipiscing.</p></li>
</ol>
<br>
<p>It looks nice if you indent every line of the subsequent paragraphs, but here again, Markdown will allow you to be lazy:</p><br>
<ul>
<li><p>This is a list item with two paragraphs.</p><br>
<p>This is the second paragraph in the list item. You're only required to indent the first line. Lorem ipsum dolor sit amet, consectetuer adipiscing elit.</p></li>
<li><p>Another item in the same list.</p></li>
</ul>
<br>
<p>To put a blockquote within a list item, the blockquote's <code>&gt;</code> delimiters need to be indented:</p><br>
<ul>
<li><p>A list item with a blockquote:</p><br>
<blockquote>
<p>This is a blockquote inside a list item.</p>
</blockquote>
</li>
</ul>
<br>
<p>To put a code block within a list item, the code block needs to be indented <em>twice</em> -- 8 spaces or two tabs:</p><br>
<ul>
<li><p>A list item with a code block:</p><br>
<pre><code>&lt;code goes here&gt;</code></pre>
</li>
</ul>
<br>
<h3>Code Blocks</h3>
<br>
<p>Pre-formatted code blocks are used for writing about programming or markup source code. Rather than forming normal paragraphs, the lines of a code block are interpreted literally. Markdown wraps a code block in both <code>&lt;pre&gt;</code> and <code>&lt;code&gt;</code> tags.</p><br>
<p>To produce a code block in Markdown, simply indent every line of the block by at least 4 spaces or 1 tab.</p><br>
<p>This is a normal paragraph:</p><br>
<pre><code>This is a code block.</code></pre>
<br>
<p>Here is an example of AppleScript:</p><br>
<pre><code>tell application &quot;Foo&quot;
    beep
end tell</code></pre>
<br>
<p>A code block continues until it reaches a line that is not indented (or the end of the article).</p><br>
<p>Within a code block, ampersands (<code>&</code>) and angle brackets (<code>&lt;</code> and <code>&gt;</code>) are automatically converted into HTML entities. This makes it very easy to include example HTML source code using Markdown -- just paste it and indent it, and Markdown will handle the hassle of encoding the ampersands and angle brackets. For example, this:</p><br>
<pre><code>&lt;div class=&quot;footer&quot;&gt;
    &copy; 2004 Foo Corporation
&lt;/div&gt;</code></pre>
<br>
<p>Regular Markdown syntax is not processed within code blocks. E.g., asterisks are just literal asterisks within a code block. This means it's also easy to use Markdown to write about Markdown's own syntax.</p><br>
<pre><code>tell application &quot;Foo&quot;
    beep
end tell</code></pre>
<br>
<h2>Span Elements</h2>
<br>
<h3>Links</h3>
<br>
<p>Markdown supports two style of links: <em>inline</em> and <em>reference</em>.</p><br>
<p>In both styles, the link text is delimited by [square brackets].</p><br>
<p>To create an inline link, use a set of regular parentheses immediately after the link text's closing square bracket. Inside the parentheses, put the URL where you want the link to point, along with an <em>optional</em> title for the link, surrounded in quotes. For example:</p><br>
<p>This is <a href='http://example.com/'>an example</a> inline link.</p><br>
<p><a href='http://example.net/'>This link</a> has no title attribute.</p><br>
<h3>Emphasis</h3>
<br>
<p>Markdown treats asterisks (<code>&lt;em&gt;</code>) and underscores (<code>_</code>) as indicators of emphasis. Text wrapped with one <code>&lt;/em&gt;</code> or <code>_</code> will be wrapped with an HTML <code>&lt;em&gt;</code> tag; double <code>*</code>'s or <code>_</code>'s will be wrapped with an HTML <code>&lt;strong&gt;</code> tag. E.g., this input:</p><br>
<p><em>single asterisks</em></p><br>
<p>_single underscores_</p><br>
<p><strong>double asterisks</strong></p><br>
<p><u>double underscores</u></p><br>
<h3>Code</h3>
<br>
<p>To indicate a span of code, wrap it with backtick quotes (<code>\` </code> \`\`). Unlike a pre-formatted code block, a code span indicates code within a normal paragraph. For example:</p><br>
<p>Use the <code>printf()</code> function.</p><br>
<p><strong>Note:</strong> This document is itself written using Markdown; you can <a href='/projects/markdown/syntax.text'>see the source for it by adding '.text' to the URL</a>.</p><br>
<hr>
<br>
<h2>Overview</h2>
<br>
<h3>Philosophy</h3>
<br>
<p>Markdown is intended to be as easy-to-read and easy-to-write as is feasible.</p><br>
<p>Readability, however, is emphasized above all else. A Markdown-formatted document should be publishable as-is, as plain text, without looking like it's been marked up with tags or formatting instructions. While Markdown's syntax has been influenced by several existing text-to-HTML filters -- including <a href='http://docutils.sourceforge.net/mirror/setext.html'>Setext</a>, <a href='http://www.aaronsw.com/2002/atx/'>atx</a>, <a href='http://textism.com/tools/textile/'>Textile</a>, <a href='http://docutils.sourceforge.net/rst.html'>reStructuredText</a>, <a href='http://www.triptico.com/software/grutatxt.html'>Grutatext</a>, and <a href='http://ettext.taint.org/doc/'>EtText</a> -- the single biggest source of inspiration for Markdown's syntax is the format of plain text email.</p><br>
<h2>Block Elements</h2>
<br>
<h3>Paragraphs and Line Breaks</h3>
<br>
<p>A paragraph is simply one or more consecutive lines of text, separated by one or more blank lines. (A blank line is any line that looks like a blank line -- a line containing nothing but spaces or tabs is considered blank.) Normal paragraphs should not be indented with spaces or tabs.</p><br>
<p>The implication of the \\"one or more consecutive lines of text\\" rule is that Markdown supports \\"hard-wrapped\\" text paragraphs. This differs significantly from most other text-to-HTML formatters (including Movable Type's \\"Convert Line Breaks\\" option) which translate every line break character in a paragraph into a <code>&lt;br /&gt;</code> tag.</p><br>
<p>When you <em>do</em> want to insert a <code>&lt;br /&gt;</code> break tag using Markdown, you end a line with two or more spaces, then type return.</p><br>
<h3>Headers</h3>
<br>
<p>Markdown supports two styles of headers, [Setext] [1] and [atx] [2].</p><br>
<p>Optionally, you may \\"close\\" atx-style headers. This is purely cosmetic -- you can use this if you think it looks better. The closing hashes don't even need to match the number of hashes used to open the header. (The number of opening hashes determines the header level.)</p><br>
<h3>Blockquotes</h3>
<br>
<p>Markdown uses email-style <code>&gt;</code> characters for blockquoting. If you're familiar with quoting passages of text in an email message, then you know how to create a blockquote in Markdown. It looks best if you hard wrap the text and put a <code>&gt;</code> before every line:</p><br>
<blockquote>
<p>This is a blockquote with two paragraphs. Lorem ipsum dolor sit amet, consectetuer adipiscing elit. Aliquam hendrerit mi posuere lectus. Vestibulum enim wisi, viverra nec, fringilla in, laoreet vitae, risus.</p><br>
<p>Donec sit amet nisl. Aliquam semper ipsum sit amet velit. Suspendisse id sem consectetuer libero luctus adipiscing.</p>
</blockquote>
<br>
<p>Markdown allows you to be lazy and only put the <code>&gt;</code> before the first line of a hard-wrapped paragraph:</p><br>
<blockquote>
<p>This is a blockquote with two paragraphs. Lorem ipsum dolor sit amet, consectetuer adipiscing elit. Aliquam hendrerit mi posuere lectus. Vestibulum enim wisi, viverra nec, fringilla in, laoreet vitae, risus.</p>
</blockquote>
<br>
<blockquote>
<p>Donec sit amet nisl. Aliquam semper ipsum sit amet velit. Suspendisse id sem consectetuer libero luctus adipiscing.</p>
</blockquote>
<br>
<p>Blockquotes can be nested (i.e. a blockquote-in-a-blockquote) by adding additional levels of <code>&gt;</code>:</p><br>
<blockquote>
<p>This is the first level of quoting.</p><br>
<blockquote>
<p>This is nested blockquote.</p>
</blockquote>
<br>
<p>Back to the first level.</p>
</blockquote>
<br>
<p>Blockquotes can contain other Markdown elements, including headers, lists, and code blocks:</p><br>
<blockquote>
<h2>This is a header.</h2>
<br>
<ol>
<li><p>This is the first list item.</p></li>
<li><p>This is the second list item.</p></li>
</ol>
<br>
<p>Here's some example code:</p><br>
<pre><code>return shell_exec(&quot;echo $input | $markdown_script&quot;);</code></pre>

</blockquote>
<br>
<p>Any decent text editor should make email-style quoting easy. For example, with BBEdit, you can make a selection and choose Increase Quote Level from the Text menu.</p><br>
<h3>Lists</h3>
<br>
<p>Markdown supports ordered (numbered) and unordered (bulleted) lists.</p><br>
<p>Unordered lists use asterisks, pluses, and hyphens -- interchangably -- as list markers:</p><br>
<ul>
<li><p>Red</p></li>
<li><p>Green</p></li>
<li><p>Blue</p></li>
</ul>
<br>
<p>is equivalent to:</p><br>
<ul>
<li><p>Red</p></li>
<li><p>Green</p></li>
<li><p>Blue</p></li>
</ul>
<br>
<p>and:</p><br>
<ul>
<li><p>Red</p></li>
<li><p>Green</p></li>
<li><p>Blue</p></li>
</ul>
<br>
<p>Ordered lists use numbers followed by periods:</p><br>
<ol>
<li><p>Bird</p></li>
<li><p>McHale</p></li>
<li><p>Parish</p></li>
</ol>
<br>
<p>It's important to note that the actual numbers you use to mark the list have no effect on the HTML output Markdown produces. The HTML Markdown produces from the above list is:</p><br>
<p>If you instead wrote the list in Markdown like this:</p><br>
<ol>
<li><p>Bird</p></li>
<li><p>McHale</p></li>
<li><p>Parish</p></li>
</ol>
<br>
<p>or even:</p><br>
<ol>
<li><p>Bird</p></li>
<li><p>McHale</p></li>
<li><p>Parish</p></li>
</ol>
<br>
<p>you'd get the exact same HTML output. The point is, if you want to, you can use ordinal numbers in your ordered Markdown lists, so that the numbers in your source match the numbers in your published HTML. But if you want to be lazy, you don't have to.</p><br>
<p>To make lists look nice, you can wrap items with hanging indents:</p><br>
<ul>
<li><p>Lorem ipsum dolor sit amet, consectetuer adipiscing elit. Aliquam hendrerit mi posuere lectus. Vestibulum enim wisi, viverra nec, fringilla in, laoreet vitae, risus.</p></li>
<li><p>Donec sit amet nisl. Aliquam semper ipsum sit amet velit. Suspendisse id sem consectetuer libero luctus adipiscing.</p></li>
</ul>
<br>
<p>But if you want to be lazy, you don't have to:</p><br>
<ul>
<li><p>Lorem ipsum dolor sit amet, consectetuer adipiscing elit. Aliquam hendrerit mi posuere lectus. Vestibulum enim wisi, viverra nec, fringilla in, laoreet vitae, risus.</p></li>
<li><p>Donec sit amet nisl. Aliquam semper ipsum sit amet velit. Suspendisse id sem consectetuer libero luctus adipiscing.</p></li>
</ul>
<br>
<p>List items may consist of multiple paragraphs. Each subsequent paragraph in a list item must be indented by either 4 spaces or one tab:</p><br>
<ol>
<li><p>This is a list item with two paragraphs. Lorem ipsum dolor sit amet, consectetuer adipiscing elit. Aliquam hendrerit mi posuere lectus.</p><br>
<p>Vestibulum enim wisi, viverra nec, fringilla in, laoreet vitae, risus. Donec sit amet nisl. Aliquam semper ipsum sit amet velit.</p></li>
<li><p>Suspendisse id sem consectetuer libero luctus adipiscing.</p></li>
</ol>
<br>
<p>It looks nice if you indent every line of the subsequent paragraphs, but here again, Markdown will allow you to be lazy:</p><br>
<ul>
<li><p>This is a list item with two paragraphs.</p><br>
<p>This is the second paragraph in the list item. You're only required to indent the first line. Lorem ipsum dolor sit amet, consectetuer adipiscing elit.</p></li>
<li><p>Another item in the same list.</p></li>
</ul>
<br>
<p>To put a blockquote within a list item, the blockquote's <code>&gt;</code> delimiters need to be indented:</p><br>
<ul>
<li><p>A list item with a blockquote:</p><br>
<blockquote>
<p>This is a blockquote inside a list item.</p>
</blockquote>
</li>
</ul>
<br>
<p>To put a code block within a list item, the code block needs to be indented <em>twice</em> -- 8 spaces or two tabs:</p><br>
<ul>
<li><p>A list item with a code block:</p><br>
<pre><code>&lt;code goes here&gt;</code></pre>
</li>
</ul>
<br>
<h3>Code Blocks</h3>
<br>
<p>Pre-formatted code blocks are used for writing about programming or markup source code. Rather than forming normal paragraphs, the lines of a code block are interpreted literally. Markdown wraps a code block in both <code>&lt;pre&gt;</code> and <code>&lt;code&gt;</code> tags.</p><br>
<p>To produce a code block in Markdown, simply indent every line of the block by at least 4 spaces or 1 tab.</p><br>
<p>This is a normal paragraph:</p><br>
<pre><code>This is a code block.</code></pre>
<br>
<p>Here is an example of AppleScript:</p><br>
<pre><code>tell application &quot;Foo&quot;
    beep
end tell</code></pre>
<br>
<p>A code block continues until it reaches a line that is not indented (or the end of the article).</p><br>
<p>Within a code block, ampersands (<code>&</code>) and angle brackets (<code>&lt;</code> and <code>&gt;</code>) are automatically converted into HTML entities. This makes it very easy to include example HTML source code using Markdown -- just paste it and indent it, and Markdown will handle the hassle of encoding the ampersands and angle brackets. For example, this:</p><br>
<pre><code>&lt;div class=&quot;footer&quot;&gt;
    &copy; 2004 Foo Corporation
&lt;/div&gt;</code></pre>
<br>
<p>Regular Markdown syntax is not processed within code blocks. E.g., asterisks are just literal asterisks within a code block. This means it's also easy to use Markdown to write about Markdown's own syntax.</p><br>
<pre><code>tell application &quot;Foo&quot;
    beep
end tell</code></pre>
<br>
<h2>Span Elements</h2>
<br>
<h3>Links</h3>
<br>
<p>Markdown supports two style of links: <em>inline</em> and <em>reference</em>.</p><br>
<p>In both styles, the link text is delimited by [square brackets].</p><br>
<p>To create an inline link, use a set of regular parentheses immediately after the link text's closing square bracket. Inside the parentheses, put the URL where you want the link to point, along with an <em>optional</em> title for the link, surrounded in quotes. For example:</p><br>
<p>This is <a href='http://example.com/'>an example</a> inline link.</p><br>
<p><a href='http://example.net/'>This link</a> has no title attribute.</p><br>
<h3>Emphasis</h3>
<br>
<p>Markdown treats asterisks (<code>&lt;em&gt;</code>) and underscores (<code>_</code>) as indicators of emphasis. Text wrapped with one <code>&lt;/em&gt;</code> or <code>_</code> will be wrapped with an HTML <code>&lt;em&gt;</code> tag; double <code>*</code>'s or <code>_</code>'s will be wrapped with an HTML <code>&lt;strong&gt;</code> tag. E.g., this input:</p><br>
<p><em>single asterisks</em></p><br>
<p>_single underscores_</p><br>
<p><strong>double asterisks</strong></p><br>
<p><u>double underscores</u></p><br>
<h3>Code</h3>
<br>
<p>To indicate a span of code, wrap it with backtick quotes (<code>\` </code> \`\`). Unlike a pre-formatted code block, a code span indicates code within a normal paragraph. For example:</p><br>
<p>Use the <code>printf()</code> function.</p><br>
<p><strong>Note:</strong> This document is itself written using Markdown; you can <a href='/projects/markdown/syntax.text'>see the source for it by adding '.text' to the URL</a>.</p><br>
<hr>
<br>
<h2>Overview</h2>
<br>
<h3>Philosophy</h3>
<br>
<p>Markdown is intended to be as easy-to-read and easy-to-write as is feasible.</p><br>
<p>Readability, however, is emphasized above all else. A Markdown-formatted document should be publishable as-is, as plain text, without looking like it's been marked up with tags or formatting instructions. While Markdown's syntax has been influenced by several existing text-to-HTML filters -- including <a href='http://docutils.sourceforge.net/mirror/setext.html'>Setext</a>, <a href='http://www.aaronsw.com/2002/atx/'>atx</a>, <a href='http://textism.com/tools/textile/'>Textile</a>, <a href='http://docutils.sourceforge.net/rst.html'>reStructuredText</a>, <a href='http://www.triptico.com/software/grutatxt.html'>Grutatext</a>, and <a href='http://ettext.taint.org/doc/'>EtText</a> -- the single biggest source of inspiration for Markdown's syntax is the format of plain text email.</p><br>
<h2>Block Elements</h2>
<br>
<h3>Paragraphs and Line Breaks</h3>
<br>
<p>A paragraph is simply one or more consecutive lines of text, separated by one or more blank lines. (A blank line is any line that looks like a blank line -- a line containing nothing but spaces or tabs is considered blank.) Normal paragraphs should not be indented with spaces or tabs.</p><br>
<p>The implication of the \\"one or more consecutive lines of text\\" rule is that Markdown supports \\"hard-wrapped\\" text paragraphs. This differs significantly from most other text-to-HTML formatters (including Movable Type's \\"Convert Line Breaks\\" option) which translate every line break character in a paragraph into a <code>&lt;br /&gt;</code> tag.</p><br>
<p>When you <em>do</em> want to insert a <code>&lt;br /&gt;</code> break tag using Markdown, you end a line with two or more spaces, then type return.</p><br>
<h3>Headers</h3>
<br>
<p>Markdown supports two styles of headers, [Setext] [1] and [atx] [2].</p><br>
<p>Optionally, you may \\"close\\" atx-style headers. This is purely cosmetic -- you can use this if you think it looks better. The closing hashes don't even need to match the number of hashes used to open the header. (The number of opening hashes determines the header level.)</p><br>
<h3>Blockquotes</h3>
<br>
<p>Markdown uses email-style <code>&gt;</code> characters for blockquoting. If you're familiar with quoting passages of text in an email message, then you know how to create a blockquote in Markdown. It looks best if you hard wrap the text and put a <code>&gt;</code> before every line:</p><br>
<blockquote>
<p>This is a blockquote with two paragraphs. Lorem ipsum dolor sit amet, consectetuer adipiscing elit. Aliquam hendrerit mi posuere lectus. Vestibulum enim wisi, viverra nec, fringilla in, laoreet vitae, risus.</p><br>
<p>Donec sit amet nisl. Aliquam semper ipsum sit amet velit. Suspendisse id sem consectetuer libero luctus adipiscing.</p>
</blockquote>
<br>
<p>Markdown allows you to be lazy and only put the <code>&gt;</code> before the first line of a hard-wrapped paragraph:</p><br>
<blockquote>
<p>This is a blockquote with two paragraphs. Lorem ipsum dolor sit amet, consectetuer adipiscing elit. Aliquam hendrerit mi posuere lectus. Vestibulum enim wisi, viverra nec, fringilla in, laoreet vitae, risus.</p>
</blockquote>
<br>
<blockquote>
<p>Donec sit amet nisl. Aliquam semper ipsum sit amet velit. Suspendisse id sem consectetuer libero luctus adipiscing.</p>
</blockquote>
<br>
<p>Blockquotes can be nested (i.e. a blockquote-in-a-blockquote) by adding additional levels of <code>&gt;</code>:</p><br>
<blockquote>
<p>This is the first level of quoting.</p><br>
<blockquote>
<p>This is nested blockquote.</p>
</blockquote>
<br>
<p>Back to the first level.</p>
</blockquote>
<br>
<p>Blockquotes can contain other Markdown elements, including headers, lists, and code blocks:</p><br>
<blockquote>
<h2>This is a header.</h2>
<br>
<ol>
<li><p>This is the first list item.</p></li>
<li><p>This is the second list item.</p></li>
</ol>
<br>
<p>Here's some example code:</p><br>
<pre><code>return shell_exec(&quot;echo $input | $markdown_script&quot;);</code></pre>

</blockquote>
<br>
<p>Any decent text editor should make email-style quoting easy. For example, with BBEdit, you can make a selection and choose Increase Quote Level from the Text menu.</p><br>
<h3>Lists</h3>
<br>
<p>Markdown supports ordered (numbered) and unordered (bulleted) lists.</p><br>
<p>Unordered lists use asterisks, pluses, and hyphens -- interchangably -- as list markers:</p><br>
<ul>
<li><p>Red</p></li>
<li><p>Green</p></li>
<li><p>Blue</p></li>
</ul>
<br>
<p>is equivalent to:</p><br>
<ul>
<li><p>Red</p></li>
<li><p>Green</p></li>
<li><p>Blue</p></li>
</ul>
<br>
<p>and:</p><br>
<ul>
<li><p>Red</p></li>
<li><p>Green</p></li>
<li><p>Blue</p></li>
</ul>
<br>
<p>Ordered lists use numbers followed by periods:</p><br>
<ol>
<li><p>Bird</p></li>
<li><p>McHale</p></li>
<li><p>Parish</p></li>
</ol>
<br>
<p>It's important to note that the actual numbers you use to mark the list have no effect on the HTML output Markdown produces. The HTML Markdown produces from the above list is:</p><br>
<p>If you instead wrote the list in Markdown like this:</p><br>
<ol>
<li><p>Bird</p></li>
<li><p>McHale</p></li>
<li><p>Parish</p></li>
</ol>
<br>
<p>or even:</p><br>
<ol>
<li><p>Bird</p></li>
<li><p>McHale</p></li>
<li><p>Parish</p></li>
</ol>
<br>
<p>you'd get the exact same HTML output. The point is, if you want to, you can use ordinal numbers in your ordered Markdown lists, so that the numbers in your source match the numbers in your published HTML. But if you want to be lazy, you don't have to.</p><br>
<p>To make lists look nice, you can wrap items with hanging indents:</p><br>
<ul>
<li><p>Lorem ipsum dolor sit amet, consectetuer adipiscing elit. Aliquam hendrerit mi posuere lectus. Vestibulum enim wisi, viverra nec, fringilla in, laoreet vitae, risus.</p></li>
<li><p>Donec sit amet nisl. Aliquam semper ipsum sit amet velit. Suspendisse id sem consectetuer libero luctus adipiscing.</p></li>
</ul>
<br>
<p>But if you want to be lazy, you don't have to:</p><br>
<ul>
<li><p>Lorem ipsum dolor sit amet, consectetuer adipiscing elit. Aliquam hendrerit mi posuere lectus. Vestibulum enim wisi, viverra nec, fringilla in, laoreet vitae, risus.</p></li>
<li><p>Donec sit amet nisl. Aliquam semper ipsum sit amet velit. Suspendisse id sem consectetuer libero luctus adipiscing.</p></li>
</ul>
<br>
<p>List items may consist of multiple paragraphs. Each subsequent paragraph in a list item must be indented by either 4 spaces or one tab:</p><br>
<ol>
<li><p>This is a list item with two paragraphs. Lorem ipsum dolor sit amet, consectetuer adipiscing elit. Aliquam hendrerit mi posuere lectus.</p><br>
<p>Vestibulum enim wisi, viverra nec, fringilla in, laoreet vitae, risus. Donec sit amet nisl. Aliquam semper ipsum sit amet velit.</p></li>
<li><p>Suspendisse id sem consectetuer libero luctus adipiscing.</p></li>
</ol>
<br>
<p>It looks nice if you indent every line of the subsequent paragraphs, but here again, Markdown will allow you to be lazy:</p><br>
<ul>
<li><p>This is a list item with two paragraphs.</p><br>
<p>This is the second paragraph in the list item. You're only required to indent the first line. Lorem ipsum dolor sit amet, consectetuer adipiscing elit.</p></li>
<li><p>Another item in the same list.</p></li>
</ul>
<br>
<p>To put a blockquote within a list item, the blockquote's <code>&gt;</code> delimiters need to be indented:</p><br>
<ul>
<li><p>A list item with a blockquote:</p><br>
<blockquote>
<p>This is a blockquote inside a list item.</p>
</blockquote>
</li>
</ul>
<br>
<p>To put a code block within a list item, the code block needs to be indented <em>twice</em> -- 8 spaces or two tabs:</p><br>
<ul>
<li><p>A list item with a code block:</p><br>
<pre><code>&lt;code goes here&gt;</code></pre>
</li>
</ul>
<br>
<h3>Code Blocks</h3>
<br>
<p>Pre-formatted code blocks are used for writing about programming or markup source code. Rather than forming normal paragraphs, the lines of a code block are interpreted literally. Markdown wraps a code block in both <code>&lt;pre&gt;</code> and <code>&lt;code&gt;</code> tags.</p><br>
<p>To produce a code block in Markdown, simply indent every line of the block by at least 4 spaces or 1 tab.</p><br>
<p>This is a normal paragraph:</p><br>
<pre><code>This is a code block.</code></pre>
<br>
<p>Here is an example of AppleScript:</p><br>
<pre><code>tell application &quot;Foo&quot;
    beep
end tell</code></pre>
<br>
<p>A code block continues until it reaches a line that is not indented (or the end of the article).</p><br>
<p>Within a code block, ampersands (<code>&</code>) and angle brackets (<code>&lt;</code> and <code>&gt;</code>) are automatically converted into HTML entities. This makes it very easy to include example HTML source code using Markdown -- just paste it and indent it, and Markdown will handle the hassle of encoding the ampersands and angle brackets. For example, this:</p><br>
<pre><code>&lt;div class=&quot;footer&quot;&gt;
    &copy; 2004 Foo Corporation
&lt;/div&gt;</code></pre>
<br>
<p>Regular Markdown syntax is not processed within code blocks. E.g., asterisks are just literal asterisks within a code block. This means it's also easy to use Markdown to write about Markdown's own syntax.</p><br>
<pre><code>tell application &quot;Foo&quot;
    beep
end tell</code></pre>
<br>
<h2>Span Elements</h2>
<br>
<h3>Links</h3>
<br>
<p>Markdown supports two style of links: <em>inline</em> and <em>reference</em>.</p><br>
<p>In both styles, the link text is delimited by [square brackets].</p><br>
<p>To create an inline link, use a set of regular parentheses immediately after the link text's closing square bracket. Inside the parentheses, put the URL where you want the link to point, along with an <em>optional</em> title for the link, surrounded in quotes. For example:</p><br>
<p>This is <a href='http://example.com/'>an example</a> inline link.</p><br>
<p><a href='http://example.net/'>This link</a> has no title attribute.</p><br>
<h3>Emphasis</h3>
<br>
<p>Markdown treats asterisks (<code>&lt;em&gt;</code>) and underscores (<code>_</code>) as indicators of emphasis. Text wrapped with one <code>&lt;/em&gt;</code> or <code>_</code> will be wrapped with an HTML <code>&lt;em&gt;</code> tag; double <code>*</code>'s or <code>_</code>'s will be wrapped with an HTML <code>&lt;strong&gt;</code> tag. E.g., this input:</p><br>
<p><em>single asterisks</em></p><br>
<p>_single underscores_</p><br>
<p><strong>double asterisks</strong></p><br>
<p><u>double underscores</u></p><br>
<h3>Code</h3>
<br>
<p>To indicate a span of code, wrap it with backtick quotes (<code>\` </code> \`\`). Unlike a pre-formatted code block, a code span indicates code within a normal paragraph. For example:</p><br>
<p>Use the <code>printf()</code> function.</p><br>
"
`;
