// Jest Snapshot v1, https://goo.gl/fbAQLP

exports[`escape should escape >, <, &, ', " characters 1`] = `
"<p>&gt; &lt; &amp; &#39; &quot; &lt;&gt;&amp;&#39;&quot;</p>
"
`;

exports[`escape should escape inside block elements 1`] = `
"<h1>&lt;&gt;&amp;&#39;&quot;</h1>
"
`;

exports[`escape should not escape unescaped characters 1`] = `
"<p># not a heading \\\\&gt; not a blockquote * not a list \` not code \` _ not italic_ ** not bold** ~ not strikethrough~ [some](http://example.com) not a link !<a href=\\"http://example.com\\">some</a> not an image | not a table |</p>
"
`;
